// Jest Snapshot v1, https://goo.gl/fbAQLP

exports[`Responding in Prayer Snapshot test 1`] = `
{
  "asFragment": [Function],
  "baseElement": <body>
    <div>
      <div
        class="pb-5 container-fluid"
        data-testid="prayer-response"
        id="prayer-response"
      >
        <div
          class="container"
        >
          <h2
            class="fw-bold text-primary"
          >
            response.title
          </h2>
          <p
            class="mt-3"
          >
            response.blurb0
          </p>
          <p>
            response.blurb1
          </p>
          <h3
            class="mb-3 fw-bold fs-2"
          >
            response.recordingLabel
          </h3>
          <div
            class="video-embed"
          >
            <iframe
              allow="autoplay; fullscreen"
              class="d-flex align-content-start"
              style="position: absolute; top: 0px; left: 0px; width: 100%; height: 100%; border: 0px;"
              title="Prayer recording"
            />
          </div>
          <div
            class="row"
          >
            <div
              class="px-0 col-lg-6 col-md-12"
            />
            <div
              class="col-lg-6 col-md-12"
            >
              <div
                class="px-0 pt-0 container-fluid"
                data-testid="feedback"
              >
                <p
                  class="reflections-submission-heading fw-bold mt-0"
                >
                  response.feedbackLabel
                </p>
                <form
                  action="https://formbold.com/s/67Gj1"
                  class="mt-3"
                  method="POST"
                >
                  <div
                    class="mb-2"
                  >
                    <textarea
                      class="form-control"
                      name="message"
                      placeholder="response.feedbackTextPlaceholder"
                      style="height: 100px;"
                    />
                  </div>
                  <div
                    class="mb-3"
                  >
                    <input
                      class="form-control"
                      name="email"
                      placeholder="response.feedbackEmailPlaceholder"
                      type="email"
                    />
                  </div>
                  <button
                    class="fw-bold px-3 btn btn-outline-primary"
                    type="submit"
                  >
                    response.feedbackSubmit
                  </button>
                </form>
              </div>
            </div>
          </div>
        </div>
      </div>
    </div>
  </body>,
  "container": <div>
    <div
      class="pb-5 container-fluid"
      data-testid="prayer-response"
      id="prayer-response"
    >
      <div
        class="container"
      >
        <h2
          class="fw-bold text-primary"
        >
          response.title
        </h2>
        <p
          class="mt-3"
        >
          response.blurb0
        </p>
        <p>
          response.blurb1
        </p>
        <h3
          class="mb-3 fw-bold fs-2"
        >
          response.recordingLabel
        </h3>
        <div
          class="video-embed"
        >
          <iframe
            allow="autoplay; fullscreen"
            class="d-flex align-content-start"
            style="position: absolute; top: 0px; left: 0px; width: 100%; height: 100%; border: 0px;"
            title="Prayer recording"
          />
        </div>
        <div
          class="row"
        >
          <div
            class="px-0 col-lg-6 col-md-12"
          />
          <div
            class="col-lg-6 col-md-12"
          >
            <div
              class="px-0 pt-0 container-fluid"
              data-testid="feedback"
            >
              <p
                class="reflections-submission-heading fw-bold mt-0"
              >
                response.feedbackLabel
              </p>
              <form
                action="https://formbold.com/s/67Gj1"
                class="mt-3"
                method="POST"
              >
                <div
                  class="mb-2"
                >
                  <textarea
                    class="form-control"
                    name="message"
                    placeholder="response.feedbackTextPlaceholder"
                    style="height: 100px;"
                  />
                </div>
                <div
                  class="mb-3"
                >
                  <input
                    class="form-control"
                    name="email"
                    placeholder="response.feedbackEmailPlaceholder"
                    type="email"
                  />
                </div>
                <button
                  class="fw-bold px-3 btn btn-outline-primary"
                  type="submit"
                >
                  response.feedbackSubmit
                </button>
              </form>
            </div>
          </div>
        </div>
      </div>
    </div>
  </div>,
  "debug": [Function],
  "findAllByAltText": [Function],
  "findAllByDisplayValue": [Function],
  "findAllByLabelText": [Function],
  "findAllByPlaceholderText": [Function],
  "findAllByRole": [Function],
  "findAllByTestId": [Function],
  "findAllByText": [Function],
  "findAllByTitle": [Function],
  "findByAltText": [Function],
  "findByDisplayValue": [Function],
  "findByLabelText": [Function],
  "findByPlaceholderText": [Function],
  "findByRole": [Function],
  "findByTestId": [Function],
  "findByText": [Function],
  "findByTitle": [Function],
  "getAllByAltText": [Function],
  "getAllByDisplayValue": [Function],
  "getAllByLabelText": [Function],
  "getAllByPlaceholderText": [Function],
  "getAllByRole": [Function],
  "getAllByTestId": [Function],
  "getAllByText": [Function],
  "getAllByTitle": [Function],
  "getByAltText": [Function],
  "getByDisplayValue": [Function],
  "getByLabelText": [Function],
  "getByPlaceholderText": [Function],
  "getByRole": [Function],
  "getByTestId": [Function],
  "getByText": [Function],
  "getByTitle": [Function],
  "queryAllByAltText": [Function],
  "queryAllByDisplayValue": [Function],
  "queryAllByLabelText": [Function],
  "queryAllByPlaceholderText": [Function],
  "queryAllByRole": [Function],
  "queryAllByTestId": [Function],
  "queryAllByText": [Function],
  "queryAllByTitle": [Function],
  "queryByAltText": [Function],
  "queryByDisplayValue": [Function],
  "queryByLabelText": [Function],
  "queryByPlaceholderText": [Function],
  "queryByRole": [Function],
  "queryByTestId": [Function],
  "queryByText": [Function],
  "queryByTitle": [Function],
  "rerender": [Function],
  "unmount": [Function],
}
`;
