// Jest Snapshot v1, https://goo.gl/fbAQLP

exports[`Feedback Snapshot test 1`] = `
{
  "asFragment": [Function],
  "baseElement": <body>
    <div>
      <section
        class="text-center m-0 p-4 w-100"
        data-testid="feedback-sect"
        style="background-color: rgb(234, 244, 255);"
      >
        <h1
          class="text-primary fs-2"
          data-testid="feedback-title"
        >
          feedback
        </h1>
        <button
          class="bg-secondary text-white border-0 p-2 w-100 mt-4 btn btn-primary"
          style="max-width: 300px;"
          type="button"
        >
          <p
            class="m-0"
            data-testid="feedback-button"
          >
            abc
          </p>
        </button>
      </section>
    </div>
  </body>,
  "container": <div>
    <section
      class="text-center m-0 p-4 w-100"
      data-testid="feedback-sect"
      style="background-color: rgb(234, 244, 255);"
    >
      <h1
        class="text-primary fs-2"
        data-testid="feedback-title"
      >
        feedback
      </h1>
      <button
        class="bg-secondary text-white border-0 p-2 w-100 mt-4 btn btn-primary"
        style="max-width: 300px;"
        type="button"
      >
        <p
          class="m-0"
          data-testid="feedback-button"
        >
          abc
        </p>
      </button>
    </section>
  </div>,
  "debug": [Function],
  "findAllByAltText": [Function],
  "findAllByDisplayValue": [Function],
  "findAllByLabelText": [Function],
  "findAllByPlaceholderText": [Function],
  "findAllByRole": [Function],
  "findAllByTestId": [Function],
  "findAllByText": [Function],
  "findAllByTitle": [Function],
  "findByAltText": [Function],
  "findByDisplayValue": [Function],
  "findByLabelText": [Function],
  "findByPlaceholderText": [Function],
  "findByRole": [Function],
  "findByTestId": [Function],
  "findByText": [Function],
  "findByTitle": [Function],
  "getAllByAltText": [Function],
  "getAllByDisplayValue": [Function],
  "getAllByLabelText": [Function],
  "getAllByPlaceholderText": [Function],
  "getAllByRole": [Function],
  "getAllByTestId": [Function],
  "getAllByText": [Function],
  "getAllByTitle": [Function],
  "getByAltText": [Function],
  "getByDisplayValue": [Function],
  "getByLabelText": [Function],
  "getByPlaceholderText": [Function],
  "getByRole": [Function],
  "getByTestId": [Function],
  "getByText": [Function],
  "getByTitle": [Function],
  "queryAllByAltText": [Function],
  "queryAllByDisplayValue": [Function],
  "queryAllByLabelText": [Function],
  "queryAllByPlaceholderText": [Function],
  "queryAllByRole": [Function],
  "queryAllByTestId": [Function],
  "queryAllByText": [Function],
  "queryAllByTitle": [Function],
  "queryByAltText": [Function],
  "queryByDisplayValue": [Function],
  "queryByLabelText": [Function],
  "queryByPlaceholderText": [Function],
  "queryByRole": [Function],
  "queryByTestId": [Function],
  "queryByText": [Function],
  "queryByTitle": [Function],
  "rerender": [Function],
  "unmount": [Function],
}
`;
