// Jest Snapshot v1, https://goo.gl/fbAQLP

exports[`Responding in Prayer Snapshot test 1`] = `
{
  "asFragment": [Function],
  "baseElement": <body>
    <div>
      <div
        class="pb-5 container-fluid"
        data-testid="prayer-response"
        id="prayer-response"
      >
        <div
          class="container"
        >
          <h2
            class="fw-bold text-primary"
          >
            response.title
          </h2>
          <p>
            response.blurb
          </p>
          <h3
            class="fw-bold fs-2"
          >
            response.recordingLabel
          </h3>
          <div
            class="row"
          >
            <div
              class="px-0 col-lg-6 col-md-12"
            />
            <div
              class="col-lg-6 col-md-12"
            >
              <div
                class="px-0 container-fluid"
                data-testid="feedback"
              >
                <h3
                  class="fw-bold mt-0"
                >
                  response.feedbackLabel
                </h3>
                <form
                  action="https://formbold.com/s/3Zgzd"
                  class=""
                  method="POST"
                >
                  <div
                    class="mb-2"
                  >
                    <div
                      class="text-muted form-floating"
                    >
                      <textarea
                        class="form-control"
                        id="floatingTextArea"
                        name="message"
                        placeholder="response.feedbackTextPlaceholder"
                        style="height: 100px;"
                      />
                      <label
                        for="floatingTextArea"
                      >
                        response.feedbackTextPlaceholder
                      </label>
                    </div>
                  </div>
                  <div
                    class="mb-3"
                  >
                    <input
                      class="form-control"
                      placeholder="response.feedbackEmailPlaceholder"
                      type="email"
                    />
                  </div>
                  <button
                    class="fw-bold px-4 py-2 btn btn-outline-primary"
                    type="submit"
                  >
                    response.feedbackSubmit
                  </button>
                </form>
              </div>
            </div>
          </div>
        </div>
      </div>
    </div>
  </body>,
  "container": <div>
    <div
      class="pb-5 container-fluid"
      data-testid="prayer-response"
      id="prayer-response"
    >
      <div
        class="container"
      >
        <h2
          class="fw-bold text-primary"
        >
          response.title
        </h2>
        <p>
          response.blurb
        </p>
        <h3
          class="fw-bold fs-2"
        >
          response.recordingLabel
        </h3>
        <div
          class="row"
        >
          <div
            class="px-0 col-lg-6 col-md-12"
          />
          <div
            class="col-lg-6 col-md-12"
          >
            <div
              class="px-0 container-fluid"
              data-testid="feedback"
            >
              <h3
                class="fw-bold mt-0"
              >
                response.feedbackLabel
              </h3>
              <form
                action="https://formbold.com/s/3Zgzd"
                class=""
                method="POST"
              >
                <div
                  class="mb-2"
                >
                  <div
                    class="text-muted form-floating"
                  >
                    <textarea
                      class="form-control"
                      id="floatingTextArea"
                      name="message"
                      placeholder="response.feedbackTextPlaceholder"
                      style="height: 100px;"
                    />
                    <label
                      for="floatingTextArea"
                    >
                      response.feedbackTextPlaceholder
                    </label>
                  </div>
                </div>
                <div
                  class="mb-3"
                >
                  <input
                    class="form-control"
                    placeholder="response.feedbackEmailPlaceholder"
                    type="email"
                  />
                </div>
                <button
                  class="fw-bold px-4 py-2 btn btn-outline-primary"
                  type="submit"
                >
                  response.feedbackSubmit
                </button>
              </form>
            </div>
          </div>
        </div>
      </div>
    </div>
  </div>,
  "debug": [Function],
  "findAllByAltText": [Function],
  "findAllByDisplayValue": [Function],
  "findAllByLabelText": [Function],
  "findAllByPlaceholderText": [Function],
  "findAllByRole": [Function],
  "findAllByTestId": [Function],
  "findAllByText": [Function],
  "findAllByTitle": [Function],
  "findByAltText": [Function],
  "findByDisplayValue": [Function],
  "findByLabelText": [Function],
  "findByPlaceholderText": [Function],
  "findByRole": [Function],
  "findByTestId": [Function],
  "findByText": [Function],
  "findByTitle": [Function],
  "getAllByAltText": [Function],
  "getAllByDisplayValue": [Function],
  "getAllByLabelText": [Function],
  "getAllByPlaceholderText": [Function],
  "getAllByRole": [Function],
  "getAllByTestId": [Function],
  "getAllByText": [Function],
  "getAllByTitle": [Function],
  "getByAltText": [Function],
  "getByDisplayValue": [Function],
  "getByLabelText": [Function],
  "getByPlaceholderText": [Function],
  "getByRole": [Function],
  "getByTestId": [Function],
  "getByText": [Function],
  "getByTitle": [Function],
  "queryAllByAltText": [Function],
  "queryAllByDisplayValue": [Function],
  "queryAllByLabelText": [Function],
  "queryAllByPlaceholderText": [Function],
  "queryAllByRole": [Function],
  "queryAllByTestId": [Function],
  "queryAllByText": [Function],
  "queryAllByTitle": [Function],
  "queryByAltText": [Function],
  "queryByDisplayValue": [Function],
  "queryByLabelText": [Function],
  "queryByPlaceholderText": [Function],
  "queryByRole": [Function],
  "queryByTestId": [Function],
  "queryByText": [Function],
  "queryByTitle": [Function],
  "rerender": [Function],
  "unmount": [Function],
}
`;
