// Jest Snapshot v1, https://goo.gl/fbAQLP

exports[`Sticky Nav Snapshot test 1`] = `
{
  "asFragment": [Function],
  "baseElement": <body>
    <div>
      <div
        class="w-100 d-flex align-items-center justify-content-center flex-column sticky-top px-0 sticky-nav container"
        data-testid="sticky-nav-container"
        style="max-width: none;"
      >
        <div
          class="w-100"
          id="overview-nav"
          style="height: 0px;"
        />
        <div
          class="pt-4 pb-0 w-100 border-bottom d-flex justify-content-center bg-white"
          data-testid="topic-nav-links"
        >
          <a
            class="px-3 my-0 text-decoration-none fw-normal border-bottom border-secondary-5 border-3 text-secondary-5 fw-bold"
            data-testid="topic-nav-link0"
          >
            abc
          </a>
          <a
            class="px-3 my-0 text-decoration-none fw-normal"
            data-testid="topic-nav-link1"
          >
            def
          </a>
          <a
            class="px-3 my-0 text-decoration-none fw-normal"
            data-testid="topic-nav-link2"
          >
            ghi
          </a>
        </div>
      </div>
    </div>
  </body>,
  "container": <div>
    <div
      class="w-100 d-flex align-items-center justify-content-center flex-column sticky-top px-0 sticky-nav container"
      data-testid="sticky-nav-container"
      style="max-width: none;"
    >
      <div
        class="w-100"
        id="overview-nav"
        style="height: 0px;"
      />
      <div
        class="pt-4 pb-0 w-100 border-bottom d-flex justify-content-center bg-white"
        data-testid="topic-nav-links"
      >
        <a
          class="px-3 my-0 text-decoration-none fw-normal border-bottom border-secondary-5 border-3 text-secondary-5 fw-bold"
          data-testid="topic-nav-link0"
        >
          abc
        </a>
        <a
          class="px-3 my-0 text-decoration-none fw-normal"
          data-testid="topic-nav-link1"
        >
          def
        </a>
        <a
          class="px-3 my-0 text-decoration-none fw-normal"
          data-testid="topic-nav-link2"
        >
          ghi
        </a>
      </div>
    </div>
  </div>,
  "debug": [Function],
  "findAllByAltText": [Function],
  "findAllByDisplayValue": [Function],
  "findAllByLabelText": [Function],
  "findAllByPlaceholderText": [Function],
  "findAllByRole": [Function],
  "findAllByTestId": [Function],
  "findAllByText": [Function],
  "findAllByTitle": [Function],
  "findByAltText": [Function],
  "findByDisplayValue": [Function],
  "findByLabelText": [Function],
  "findByPlaceholderText": [Function],
  "findByRole": [Function],
  "findByTestId": [Function],
  "findByText": [Function],
  "findByTitle": [Function],
  "getAllByAltText": [Function],
  "getAllByDisplayValue": [Function],
  "getAllByLabelText": [Function],
  "getAllByPlaceholderText": [Function],
  "getAllByRole": [Function],
  "getAllByTestId": [Function],
  "getAllByText": [Function],
  "getAllByTitle": [Function],
  "getByAltText": [Function],
  "getByDisplayValue": [Function],
  "getByLabelText": [Function],
  "getByPlaceholderText": [Function],
  "getByRole": [Function],
  "getByTestId": [Function],
  "getByText": [Function],
  "getByTitle": [Function],
  "queryAllByAltText": [Function],
  "queryAllByDisplayValue": [Function],
  "queryAllByLabelText": [Function],
  "queryAllByPlaceholderText": [Function],
  "queryAllByRole": [Function],
  "queryAllByTestId": [Function],
  "queryAllByText": [Function],
  "queryAllByTitle": [Function],
  "queryByAltText": [Function],
  "queryByDisplayValue": [Function],
  "queryByLabelText": [Function],
  "queryByPlaceholderText": [Function],
  "queryByRole": [Function],
  "queryByTestId": [Function],
  "queryByText": [Function],
  "queryByTitle": [Function],
  "rerender": [Function],
  "unmount": [Function],
}
`;
