// Jest Snapshot v1, https://goo.gl/fbAQLP

exports[`Prayer Points Snapshot test 1`] = `
{
  "asFragment": [Function],
  "baseElement": <body>
    <div>
      <div
        class="d-flex px-6 justify-content-center container"
        data-testid="prayer-points-container"
        id="topic-prayer-featured"
      >
        <div
          class="shadow d-md-flex flex-md-row my-4 prayer-points-card card"
        >
          <img
            class="card-img-top prayer-img"
            src="/photos/topic-nav/church/church-leadership-b.jpg"
          />
          <div
            class="p-4 featured card-body"
            data-testid="prayer-points-body"
          >
            <p
              class="px-2 pb-2 fs-2 border-bottom border-grey prayer-title card-text"
              data-testid="prayer-points-title"
            >
              title
            </p>
            <p
              class="fs-3 prayerSubtitle d-flex align-items-center gap-2 text-secondary-5 card-text"
            >
              <img
                alt="praying hands"
                class=""
                src="/icons/prayer.png"
                style="height: 20px;"
              />
              prayerSummary.subtitle
            </p>
            <ul
              class="bullet-points"
              data-testid="prayer-points-points"
            >
              <li
                class="my-2 bullet-point"
              >
                A
              </li>
              <li
                class="my-2 bullet-point"
              >
                B
              </li>
            </ul>
            <button
              class="feature-button fs-4 fw-bold bg-grey-4 text-white text-center border-0 mt-3 mb-2 w-100 btn btn-primary"
              type="button"
            >
              prayerSummary.readMore
            </button>
            <p
              class="mt-3 w-100 mx-auto text-center text-decoration-underline text-secondary-5 fw-bold fs-4 feature-view-all card-text"
              style="cursor: pointer;"
              tabindex="0"
            >
              prayerSummary.viewAll
            </p>
          </div>
        </div>
      </div>
    </div>
  </body>,
  "container": <div>
    <div
      class="d-flex px-6 justify-content-center container"
      data-testid="prayer-points-container"
      id="topic-prayer-featured"
    >
      <div
        class="shadow d-md-flex flex-md-row my-4 prayer-points-card card"
      >
        <img
          class="card-img-top prayer-img"
          src="/photos/topic-nav/church/church-leadership-b.jpg"
        />
        <div
          class="p-4 featured card-body"
          data-testid="prayer-points-body"
        >
          <p
            class="px-2 pb-2 fs-2 border-bottom border-grey prayer-title card-text"
            data-testid="prayer-points-title"
          >
            title
          </p>
          <p
            class="fs-3 prayerSubtitle d-flex align-items-center gap-2 text-secondary-5 card-text"
          >
            <img
              alt="praying hands"
              class=""
              src="/icons/prayer.png"
              style="height: 20px;"
            />
            prayerSummary.subtitle
          </p>
          <ul
            class="bullet-points"
            data-testid="prayer-points-points"
          >
            <li
              class="my-2 bullet-point"
            >
              A
            </li>
            <li
              class="my-2 bullet-point"
            >
              B
            </li>
          </ul>
          <button
            class="feature-button fs-4 fw-bold bg-grey-4 text-white text-center border-0 mt-3 mb-2 w-100 btn btn-primary"
            type="button"
          >
            prayerSummary.readMore
          </button>
          <p
            class="mt-3 w-100 mx-auto text-center text-decoration-underline text-secondary-5 fw-bold fs-4 feature-view-all card-text"
            style="cursor: pointer;"
            tabindex="0"
          >
            prayerSummary.viewAll
          </p>
        </div>
      </div>
    </div>
  </div>,
  "debug": [Function],
  "findAllByAltText": [Function],
  "findAllByDisplayValue": [Function],
  "findAllByLabelText": [Function],
  "findAllByPlaceholderText": [Function],
  "findAllByRole": [Function],
  "findAllByTestId": [Function],
  "findAllByText": [Function],
  "findAllByTitle": [Function],
  "findByAltText": [Function],
  "findByDisplayValue": [Function],
  "findByLabelText": [Function],
  "findByPlaceholderText": [Function],
  "findByRole": [Function],
  "findByTestId": [Function],
  "findByText": [Function],
  "findByTitle": [Function],
  "getAllByAltText": [Function],
  "getAllByDisplayValue": [Function],
  "getAllByLabelText": [Function],
  "getAllByPlaceholderText": [Function],
  "getAllByRole": [Function],
  "getAllByTestId": [Function],
  "getAllByText": [Function],
  "getAllByTitle": [Function],
  "getByAltText": [Function],
  "getByDisplayValue": [Function],
  "getByLabelText": [Function],
  "getByPlaceholderText": [Function],
  "getByRole": [Function],
  "getByTestId": [Function],
  "getByText": [Function],
  "getByTitle": [Function],
  "queryAllByAltText": [Function],
  "queryAllByDisplayValue": [Function],
  "queryAllByLabelText": [Function],
  "queryAllByPlaceholderText": [Function],
  "queryAllByRole": [Function],
  "queryAllByTestId": [Function],
  "queryAllByText": [Function],
  "queryAllByTitle": [Function],
  "queryByAltText": [Function],
  "queryByDisplayValue": [Function],
  "queryByLabelText": [Function],
  "queryByPlaceholderText": [Function],
  "queryByRole": [Function],
  "queryByTestId": [Function],
  "queryByText": [Function],
  "queryByTitle": [Function],
  "rerender": [Function],
  "unmount": [Function],
}
`;
