// Jest Snapshot v1, https://goo.gl/fbAQLP

exports[`Overview Nav Snapshot test 1`] = `
{
  "asFragment": [Function],
  "baseElement": <body>
    <div>
      <div
        class="bottom-grey-border w-100 d-flex flex-column align-items-center justify-content-center sticky-top p-0 container"
        data-testid="overview-nav-container"
        style="max-width: none;"
      >
        <div
          class="w-100 opacity-0"
          id="overview-nav"
          style="height: 0px;"
        />
        <div
          class="pt-4 pb-0 w-100 d-flex justify-content-center gap-3 bg-white"
          data-testid="overview-nav-links"
        >
          <a
            class="common-p topic-nav-tab px-3 my-0 text-decoration-none border-bottom border-secondary-5 border-3 text-secondary-5 fw-bold"
            data-testid="overview-nav-link"
          >
            topHeading
          </a>
          <a
            class="common-p topic-nav-tab px-3 my-0 text-decoration-none  text-black"
            data-testid="overview-nav-link-2"
          >
            botHeading
          </a>
        </div>
      </div>
    </div>
  </body>,
  "container": <div>
    <div
      class="bottom-grey-border w-100 d-flex flex-column align-items-center justify-content-center sticky-top p-0 container"
      data-testid="overview-nav-container"
      style="max-width: none;"
    >
      <div
        class="w-100 opacity-0"
        id="overview-nav"
        style="height: 0px;"
      />
      <div
        class="pt-4 pb-0 w-100 d-flex justify-content-center gap-3 bg-white"
        data-testid="overview-nav-links"
      >
        <a
          class="common-p topic-nav-tab px-3 my-0 text-decoration-none border-bottom border-secondary-5 border-3 text-secondary-5 fw-bold"
          data-testid="overview-nav-link"
        >
          topHeading
        </a>
        <a
          class="common-p topic-nav-tab px-3 my-0 text-decoration-none  text-black"
          data-testid="overview-nav-link-2"
        >
          botHeading
        </a>
      </div>
    </div>
  </div>,
  "debug": [Function],
  "findAllByAltText": [Function],
  "findAllByDisplayValue": [Function],
  "findAllByLabelText": [Function],
  "findAllByPlaceholderText": [Function],
  "findAllByRole": [Function],
  "findAllByTestId": [Function],
  "findAllByText": [Function],
  "findAllByTitle": [Function],
  "findByAltText": [Function],
  "findByDisplayValue": [Function],
  "findByLabelText": [Function],
  "findByPlaceholderText": [Function],
  "findByRole": [Function],
  "findByTestId": [Function],
  "findByText": [Function],
  "findByTitle": [Function],
  "getAllByAltText": [Function],
  "getAllByDisplayValue": [Function],
  "getAllByLabelText": [Function],
  "getAllByPlaceholderText": [Function],
  "getAllByRole": [Function],
  "getAllByTestId": [Function],
  "getAllByText": [Function],
  "getAllByTitle": [Function],
  "getByAltText": [Function],
  "getByDisplayValue": [Function],
  "getByLabelText": [Function],
  "getByPlaceholderText": [Function],
  "getByRole": [Function],
  "getByTestId": [Function],
  "getByText": [Function],
  "getByTitle": [Function],
  "queryAllByAltText": [Function],
  "queryAllByDisplayValue": [Function],
  "queryAllByLabelText": [Function],
  "queryAllByPlaceholderText": [Function],
  "queryAllByRole": [Function],
  "queryAllByTestId": [Function],
  "queryAllByText": [Function],
  "queryAllByTitle": [Function],
  "queryByAltText": [Function],
  "queryByDisplayValue": [Function],
  "queryByLabelText": [Function],
  "queryByPlaceholderText": [Function],
  "queryByRole": [Function],
  "queryByTestId": [Function],
  "queryByText": [Function],
  "queryByTitle": [Function],
  "rerender": [Function],
  "unmount": [Function],
}
`;
